// Jest Snapshot v1, https://jestjs.io/docs/snapshot-testing

exports[`ProductCard matches the stable product card snapshot 1`] = `
<div>
  <article
    class="sc-420231b4-0 cjYuLe"
  >
    <div
      class="sc-420231b4-1 eCCJvm"
    >
      <img
        alt="Wireless Headphones"
        class="sc-420231b4-2 ejfyGr"
        loading="lazy"
        src="/images/products/wireless-headphones.jpg"
      />
    </div>
    <div
      class="sc-420231b4-3 hDfUua"
    >
      <span
        class="sc-eeb7e673-0 gABMxn sc-420231b4-4"
      >
        Electronics
      </span>
      <h3
        class="sc-eeb7e673-0 hRjVqB sc-420231b4-5"
      >
        Wireless Headphones
      </h3>
      <p
        class="sc-eeb7e673-0 hORqLx sc-420231b4-6"
      >
        Comfortable wireless headphones for work and travel.
      </p>
      <div
        class="sc-420231b4-8 eSHqja"
      >
        <p
          class="sc-420231b4-7 fqPFWb"
        >
          $
          89
        </p>
        <div
          class="sc-420231b4-9 knIjOC"
        >
          <a
            class="sc-994784a0-0 fIKPgp sc-420231b4-10"
            href="/products/1"
          >
            View
          </a>
          <button
            class="sc-994784a0-0 lkknzO"
            type="button"
          >
            Add
          </button>
          <span
            aria-live="polite"
            class="sc-b25a71b8-0 gwyUCW"
            role="status"
          />
        </div>
      </div>
    </div>
  </article>
</div>
`;
